[0m15:40:04.834206 [debug] [MainThread]: Sending event: {'category': 'dbt', 'action': 'invocation', 'label': 'start', 'context': [<snowplow_tracker.self_describing_json.SelfDescribingJson object at 0x76f167845950>, <snowplow_tracker.self_describing_json.SelfDescribingJson object at 0x76f16784b210>, <snowplow_tracker.self_describing_json.SelfDescribingJson object at 0x76f1678b2850>]}


============================== 15:40:04.843349 | 21b48703-381d-4dcb-91b8-1b27cd6ad52c ==============================
[0m15:40:04.843349 [info ] [MainThread]: Running with dbt=1.11.5
[0m15:40:04.846650 [debug] [MainThread]: running dbt with arguments {'fail_fast': 'False', 'target_path': 'None', 'invocation_command': 'dbt init crypto_transformations', 'no_print': 'None', 'partial_parse': 'True', 'warn_error_options': 'WarnErrorOptionsV2(error=[], warn=[], silence=[])', 'version_check': 'True', 'profiles_dir': '/root/.dbt', 'cache_selected_only': 'False', 'log_path': 'logs', 'use_colors': 'True', 'use_experimental_parser': 'False', 'printer_width': '80', 'warn_error': 'None', 'debug': 'False', 'static_parser': 'True', 'quiet': 'False', 'indirect_selection': 'eager', 'send_anonymous_usage_stats': 'True', 'log_format': 'default', 'introspect': 'True', 'write_json': 'True', 'empty': 'None', 'log_cache_events': 'False'}
[0m15:40:04.857428 [info ] [MainThread]: Creating dbt configuration folder at /root/.dbt
[0m15:40:04.863670 [debug] [MainThread]: Starter project path: /usr/local/lib/python3.11/site-packages/dbt/include/starter_project
[0m15:40:05.479931 [info ] [MainThread]: 
Your new dbt project "crypto_transformations" was created!

For more information on how to configure the profiles.yml file,
please consult the dbt documentation here:

  https://docs.getdbt.com/docs/configure-your-profile

One more thing:

Need help? Don't hesitate to reach out to us via GitHub issues or on Slack:

  https://community.getdbt.com/

Happy modeling!

[0m15:40:05.482179 [info ] [MainThread]: Setting up your profile.
[0m15:42:34.167520 [info ] [MainThread]: Profile crypto_transformations written to /root/.dbt/profiles.yml using target's profile_template.yml and your supplied values. Run 'dbt debug' to validate the connection.
[0m15:42:34.191449 [debug] [MainThread]: Resource report: {"command_name": "init", "command_success": true, "command_wall_clock_time": 149.42143, "process_in_blocks": "0", "process_kernel_time": 0.375857, "process_mem_max_rss": "127148", "process_out_blocks": "2424", "process_user_time": 1.766124}
[0m15:42:34.194058 [debug] [MainThread]: Command `dbt init` succeeded at 15:42:34.193837 after 149.44 seconds
[0m15:42:34.196148 [debug] [MainThread]: Sending event: {'category': 'dbt', 'action': 'invocation', 'label': 'end', 'context': [<snowplow_tracker.self_describing_json.SelfDescribingJson object at 0x76f167832590>, <snowplow_tracker.self_describing_json.SelfDescribingJson object at 0x76f16784b510>, <snowplow_tracker.self_describing_json.SelfDescribingJson object at 0x76f16c0def50>]}
[0m15:42:34.199079 [debug] [MainThread]: Flushing usage events
[0m15:42:34.733352 [debug] [MainThread]: An error was encountered while trying to flush usage events
[0m20:39:10.105755 [debug] [MainThread]: Sending event: {'category': 'dbt', 'action': 'invocation', 'label': 'start', 'context': [<snowplow_tracker.self_describing_json.SelfDescribingJson object at 0x743d411e8b50>, <snowplow_tracker.self_describing_json.SelfDescribingJson object at 0x743d40a566d0>, <snowplow_tracker.self_describing_json.SelfDescribingJson object at 0x743d43984810>]}


============================== 20:39:10.111378 | ec945750-8877-4e50-b938-595c80c6785a ==============================
[0m20:39:10.111378 [info ] [MainThread]: Running with dbt=1.11.5
[0m20:39:10.113176 [debug] [MainThread]: running dbt with arguments {'log_format': 'default', 'quiet': 'False', 'printer_width': '80', 'indirect_selection': 'eager', 'log_path': 'logs', 'empty': 'False', 'write_json': 'True', 'introspect': 'True', 'no_print': 'None', 'warn_error': 'None', 'cache_selected_only': 'False', 'version_check': 'True', 'partial_parse': 'True', 'static_parser': 'True', 'profiles_dir': '/root/.dbt', 'debug': 'False', 'warn_error_options': 'WarnErrorOptionsV2(error=[], warn=[], silence=[])', 'log_cache_events': 'False', 'invocation_command': 'dbt run', 'target_path': 'None', 'use_experimental_parser': 'False', 'send_anonymous_usage_stats': 'True', 'use_colors': 'True', 'fail_fast': 'False'}
[0m20:39:10.115425 [error] [MainThread]: Encountered an error:
Runtime Error
  No dbt_project.yml found at expected path /dbt/dbt_project.yml
  Verify that each entry within packages.yml (and their transitive dependencies) contains a file named dbt_project.yml
  
[0m20:39:10.118217 [debug] [MainThread]: Resource report: {"command_name": "run", "command_success": false, "command_wall_clock_time": 0.06474887, "process_in_blocks": "0", "process_kernel_time": 0.227034, "process_mem_max_rss": "102788", "process_out_blocks": "0", "process_user_time": 1.087373}
[0m20:39:10.119579 [debug] [MainThread]: Command `dbt run` failed at 20:39:10.119411 after 0.07 seconds
[0m20:39:10.120429 [debug] [MainThread]: Sending event: {'category': 'dbt', 'action': 'invocation', 'label': 'end', 'context': [<snowplow_tracker.self_describing_json.SelfDescribingJson object at 0x743d40a28290>, <snowplow_tracker.self_describing_json.SelfDescribingJson object at 0x743d40a16950>, <snowplow_tracker.self_describing_json.SelfDescribingJson object at 0x743d40a17710>]}
[0m20:39:10.121296 [debug] [MainThread]: Flushing usage events
[0m20:39:10.290133 [debug] [MainThread]: An error was encountered while trying to flush usage events
[0m20:42:42.330516 [debug] [MainThread]: Sending event: {'category': 'dbt', 'action': 'invocation', 'label': 'start', 'context': [<snowplow_tracker.self_describing_json.SelfDescribingJson object at 0x7634127de110>, <snowplow_tracker.self_describing_json.SelfDescribingJson object at 0x7634127de1d0>, <snowplow_tracker.self_describing_json.SelfDescribingJson object at 0x7634127df450>]}


============================== 20:42:42.334430 | 2f54c258-b7a8-407b-b659-da49736bb09c ==============================
[0m20:42:42.334430 [info ] [MainThread]: Running with dbt=1.11.5
[0m20:42:42.336609 [debug] [MainThread]: running dbt with arguments {'fail_fast': 'False', 'log_format': 'default', 'log_path': 'logs', 'warn_error': 'None', 'log_cache_events': 'False', 'quiet': 'False', 'write_json': 'True', 'use_colors': 'True', 'static_parser': 'True', 'empty': 'False', 'use_experimental_parser': 'False', 'introspect': 'True', 'no_print': 'None', 'partial_parse': 'True', 'cache_selected_only': 'False', 'profiles_dir': '/root/.dbt', 'indirect_selection': 'eager', 'invocation_command': 'dbt run', 'printer_width': '80', 'version_check': 'True', 'target_path': 'None', 'send_anonymous_usage_stats': 'True', 'warn_error_options': 'WarnErrorOptionsV2(error=[], warn=[], silence=[])', 'debug': 'False'}
[0m20:42:42.338382 [error] [MainThread]: Encountered an error:
Runtime Error
  No dbt_project.yml found at expected path /dbt/dbt_project.yml
  Verify that each entry within packages.yml (and their transitive dependencies) contains a file named dbt_project.yml
  
[0m20:42:42.340382 [debug] [MainThread]: Resource report: {"command_name": "run", "command_success": false, "command_wall_clock_time": 0.06144313, "process_in_blocks": "0", "process_kernel_time": 0.231282, "process_mem_max_rss": "102852", "process_out_blocks": "0", "process_user_time": 0.945066}
[0m20:42:42.341502 [debug] [MainThread]: Command `dbt run` failed at 20:42:42.341383 after 0.06 seconds
[0m20:42:42.342428 [debug] [MainThread]: Sending event: {'category': 'dbt', 'action': 'invocation', 'label': 'end', 'context': [<snowplow_tracker.self_describing_json.SelfDescribingJson object at 0x7634127df410>, <snowplow_tracker.self_describing_json.SelfDescribingJson object at 0x7634127df5d0>, <snowplow_tracker.self_describing_json.SelfDescribingJson object at 0x763412b16790>]}
[0m20:42:42.343792 [debug] [MainThread]: Flushing usage events
[0m20:42:42.530320 [debug] [MainThread]: An error was encountered while trying to flush usage events
